schema {
    query: Query
    mutation: Mutation
}
type Mutation {
    bar: String
}
type Query {
    foo: String
}
