query MyQuery($skip: Boolean!, $include: Boolean!){
    query {
        ... on ObjectB {
            ... on Interface {
                ...B
            }
        }
        ...B
    }
}

fragment A on ObjectA {
    __typename
    age
    name
}

fragment B on ObjectC @abc(a: "a", b: "b") {
    aField {
        ...A
    }
}