[
  {
    "name": "NEWHOPE",
    "description": "",
    "isDeprecated": false,
    "deprecationReason": null
  },
  {
    "name": "EMPIRE",
    "description": "",
    "isDeprecated": false,
    "deprecationReason": null
  }
]
