{
  "kind": "OBJECT",
  "name": "Query",
  "description": "",
  "inputFields": [],
  "interfaces": [],
  "possibleTypes": []
}
